Archive member included to satisfy reference by file (symbol)

c:/program files (x86)/gnu tools arm embedded/5.3 2016q1/bin/../lib/gcc/arm-none-eabi/5.3.1/../../../../arm-none-eabi/lib/armv7e-m\libg_nano.a(lib_a-errno.o)
                              ./system/src/newlib/_sbrk.o (__errno)
c:/program files (x86)/gnu tools arm embedded/5.3 2016q1/bin/../lib/gcc/arm-none-eabi/5.3.1/../../../../arm-none-eabi/lib/armv7e-m\libg_nano.a(lib_a-impure.o)
                              c:/program files (x86)/gnu tools arm embedded/5.3 2016q1/bin/../lib/gcc/arm-none-eabi/5.3.1/../../../../arm-none-eabi/lib/armv7e-m\libg_nano.a(lib_a-errno.o) (_impure_ptr)
c:/program files (x86)/gnu tools arm embedded/5.3 2016q1/bin/../lib/gcc/arm-none-eabi/5.3.1/../../../../arm-none-eabi/lib/armv7e-m\libg_nano.a(lib_a-strlen.o)
                              ./system/src/diag/Trace.o (strlen)
c:/program files (x86)/gnu tools arm embedded/5.3 2016q1/bin/../lib/gcc/arm-none-eabi/5.3.1/../../../../arm-none-eabi/lib/armv7e-m\libg_nano.a(lib_a-vsnprintf.o)
                              ./system/src/diag/Trace.o (vsnprintf)
c:/program files (x86)/gnu tools arm embedded/5.3 2016q1/bin/../lib/gcc/arm-none-eabi/5.3.1/../../../../arm-none-eabi/lib/armv7e-m\libg_nano.a(lib_a-nano-svfprintf.o)
                              c:/program files (x86)/gnu tools arm embedded/5.3 2016q1/bin/../lib/gcc/arm-none-eabi/5.3.1/../../../../arm-none-eabi/lib/armv7e-m\libg_nano.a(lib_a-vsnprintf.o) (_svfprintf_r)
c:/program files (x86)/gnu tools arm embedded/5.3 2016q1/bin/../lib/gcc/arm-none-eabi/5.3.1/../../../../arm-none-eabi/lib/armv7e-m\libg_nano.a(lib_a-nano-vfprintf_i.o)
                              c:/program files (x86)/gnu tools arm embedded/5.3 2016q1/bin/../lib/gcc/arm-none-eabi/5.3.1/../../../../arm-none-eabi/lib/armv7e-m\libg_nano.a(lib_a-nano-svfprintf.o) (_printf_i)
c:/program files (x86)/gnu tools arm embedded/5.3 2016q1/bin/../lib/gcc/arm-none-eabi/5.3.1/../../../../arm-none-eabi/lib/armv7e-m\libg_nano.a(lib_a-memchr.o)
                              c:/program files (x86)/gnu tools arm embedded/5.3 2016q1/bin/../lib/gcc/arm-none-eabi/5.3.1/../../../../arm-none-eabi/lib/armv7e-m\libg_nano.a(lib_a-nano-svfprintf.o) (memchr)
c:/program files (x86)/gnu tools arm embedded/5.3 2016q1/bin/../lib/gcc/arm-none-eabi/5.3.1/../../../../arm-none-eabi/lib/armv7e-m\libg_nano.a(lib_a-memcpy-stub.o)
                              c:/program files (x86)/gnu tools arm embedded/5.3 2016q1/bin/../lib/gcc/arm-none-eabi/5.3.1/../../../../arm-none-eabi/lib/armv7e-m\libg_nano.a(lib_a-nano-svfprintf.o) (memcpy)
c:/program files (x86)/gnu tools arm embedded/5.3 2016q1/bin/../lib/gcc/arm-none-eabi/5.3.1/../../../../arm-none-eabi/lib/armv7e-m\libg_nano.a(lib_a-memmove.o)
                              c:/program files (x86)/gnu tools arm embedded/5.3 2016q1/bin/../lib/gcc/arm-none-eabi/5.3.1/../../../../arm-none-eabi/lib/armv7e-m\libg_nano.a(lib_a-nano-svfprintf.o) (memmove)
c:/program files (x86)/gnu tools arm embedded/5.3 2016q1/bin/../lib/gcc/arm-none-eabi/5.3.1/../../../../arm-none-eabi/lib/armv7e-m\libg_nano.a(lib_a-nano-freer.o)
                              c:/program files (x86)/gnu tools arm embedded/5.3 2016q1/bin/../lib/gcc/arm-none-eabi/5.3.1/../../../../arm-none-eabi/lib/armv7e-m\libg_nano.a(lib_a-nano-svfprintf.o) (_free_r)
c:/program files (x86)/gnu tools arm embedded/5.3 2016q1/bin/../lib/gcc/arm-none-eabi/5.3.1/../../../../arm-none-eabi/lib/armv7e-m\libg_nano.a(lib_a-nano-mallocr.o)
                              c:/program files (x86)/gnu tools arm embedded/5.3 2016q1/bin/../lib/gcc/arm-none-eabi/5.3.1/../../../../arm-none-eabi/lib/armv7e-m\libg_nano.a(lib_a-nano-svfprintf.o) (_malloc_r)
c:/program files (x86)/gnu tools arm embedded/5.3 2016q1/bin/../lib/gcc/arm-none-eabi/5.3.1/../../../../arm-none-eabi/lib/armv7e-m\libg_nano.a(lib_a-nano-reallocr.o)
                              c:/program files (x86)/gnu tools arm embedded/5.3 2016q1/bin/../lib/gcc/arm-none-eabi/5.3.1/../../../../arm-none-eabi/lib/armv7e-m\libg_nano.a(lib_a-nano-svfprintf.o) (_realloc_r)
c:/program files (x86)/gnu tools arm embedded/5.3 2016q1/bin/../lib/gcc/arm-none-eabi/5.3.1/../../../../arm-none-eabi/lib/armv7e-m\libg_nano.a(lib_a-sbrkr.o)
                              c:/program files (x86)/gnu tools arm embedded/5.3 2016q1/bin/../lib/gcc/arm-none-eabi/5.3.1/../../../../arm-none-eabi/lib/armv7e-m\libg_nano.a(lib_a-nano-mallocr.o) (_sbrk_r)
c:/program files (x86)/gnu tools arm embedded/5.3 2016q1/bin/../lib/gcc/arm-none-eabi/5.3.1/../../../../arm-none-eabi/lib/armv7e-m\libg_nano.a(lib_a-nano-msizer.o)
                              c:/program files (x86)/gnu tools arm embedded/5.3 2016q1/bin/../lib/gcc/arm-none-eabi/5.3.1/../../../../arm-none-eabi/lib/armv7e-m\libg_nano.a(lib_a-nano-reallocr.o) (_malloc_usable_size_r)

Allocating common symbols
Common symbol       size              file

errno               0x4               ./system/src/newlib/_syscalls.o

Discarded input sections

[...]
Memory Configuration

Name             Origin             Length             Attributes
RAM              0x20000000         0x0000a000         xrw
CCMRAM           0x10000000         0x00002000         xrw
FLASH            0x08000000         0x00040000         xr
FLASHB1          0x00000000         0x00000000         xr
EXTMEMB0         0x00000000         0x00000000         xr
EXTMEMB1         0x00000000         0x00000000         xr
EXTMEMB2         0x00000000         0x00000000         xr
EXTMEMB3         0x00000000         0x00000000         xr
MEMORY_ARRAY     0x20002000         0x00000000         xrw
*default*        0x00000000         0xffffffff

Linker script and memory map

LOAD ./system/src/stm32f3-stdperiph/stm32f30x_gpio.o
LOAD ./system/src/stm32f3-stdperiph/stm32f30x_rcc.o
LOAD ./system/src/newlib/_cxx.o
LOAD ./system/src/newlib/_exit.o
LOAD ./system/src/newlib/_sbrk.o
LOAD ./system/src/newlib/_startup.o
LOAD ./system/src/newlib/_syscalls.o
LOAD ./system/src/newlib/assert.o
LOAD ./system/src/diag/Trace.o
LOAD ./system/src/diag/trace_impl.o
LOAD ./system/src/cortexm/_initialize_hardware.o
LOAD ./system/src/cortexm/_reset_hardware.o
LOAD ./system/src/cortexm/exception_handlers.o
LOAD ./system/src/cmsis/system_stm32f30x.o
LOAD ./system/src/cmsis/vectors_stm32f30x.o
LOAD ./src/BlinkLed.o
LOAD ./src/Timer.o
LOAD ./src/_write.o
LOAD ./src/main.o
LOAD c:/program files (x86)/gnu tools arm embedded/5.3 2016q1/bin/../lib/gcc/arm-none-eabi/5.3.1/../../../../arm-none-eabi/lib/armv7e-m\libstdc++_nano.a
LOAD c:/program files (x86)/gnu tools arm embedded/5.3 2016q1/bin/../lib/gcc/arm-none-eabi/5.3.1/../../../../arm-none-eabi/lib/armv7e-m\libm.a
START GROUP
LOAD c:/program files (x86)/gnu tools arm embedded/5.3 2016q1/bin/../lib/gcc/arm-none-eabi/5.3.1/armv7e-m\libgcc.a
LOAD c:/program files (x86)/gnu tools arm embedded/5.3 2016q1/bin/../lib/gcc/arm-none-eabi/5.3.1/../../../../arm-none-eabi/lib/armv7e-m\libg_nano.a
LOAD c:/program files (x86)/gnu tools arm embedded/5.3 2016q1/bin/../lib/gcc/arm-none-eabi/5.3.1/../../../../arm-none-eabi/lib/armv7e-m\libc_nano.a
END GROUP
START GROUP
LOAD c:/program files (x86)/gnu tools arm embedded/5.3 2016q1/bin/../lib/gcc/arm-none-eabi/5.3.1/armv7e-m\libgcc.a
LOAD c:/program files (x86)/gnu tools arm embedded/5.3 2016q1/bin/../lib/gcc/arm-none-eabi/5.3.1/../../../../arm-none-eabi/lib/armv7e-m\libc_nano.a
END GROUP
                0x2000a000                __stack = (ORIGIN (RAM) + LENGTH (RAM))
                0x2000a000                _estack = __stack
                0x00000400                __Main_Stack_Size = 0x400
                [!provide]                PROVIDE (_Main_Stack_Size, __Main_Stack_Size)
                0x20009c00                __Main_Stack_Limit = (__stack - __Main_Stack_Size)
                [!provide]                PROVIDE (_Main_Stack_Limit, __Main_Stack_Limit)
                0x00000100                _Minimum_Stack_Size = 0x100
                0x20000128                PROVIDE (_Heap_Begin, _end_noinit)
                0x20009c00                PROVIDE (_Heap_Limit, (__stack - __Main_Stack_Size))

.isr_vector     0x08000000      0x3ec
 FILL mask 0xff
                0x08000000                __vectors_start = ABSOLUTE (.)
                0x08000000                __vectors_start__ = ABSOLUTE (.)
 *(.isr_vector)
 .isr_vector    0x08000000      0x188 ./system/src/cmsis/vectors_stm32f30x.o
                0x08000000                __isr_vectors
 *(.cfmconfig)
 *(.after_vectors .after_vectors.*)
 .after_vectors
                0x08000188      0x130 ./system/src/newlib/_startup.o
                0x08000188                _start
 .after_vectors
                0x080002b8      0x130 ./system/src/cortexm/exception_handlers.o
                0x080002b8                Reset_Handler
                0x080002c0                NMI_Handler
                0x080002c4                HardFault_Handler
                0x080002d8                HardFault_Handler_C
                0x08000338                MemManage_Handler
                0x0800033c                BusFault_Handler
                0x08000350                BusFault_Handler_C
                0x08000384                UsageFault_Handler
                0x08000398                UsageFault_Handler_C
                0x080003cc                SVC_Handler
                0x080003d0                DebugMon_Handler
                0x080003d4                PendSV_Handler
 .after_vectors
                0x080003e8        0x4 ./system/src/cmsis/vectors_stm32f30x.o
                0x080003e8                RTC_Alarm_IRQHandler
                0x080003e8                TIM8_TRG_COM_IRQHandler
                0x080003e8                TIM8_CC_IRQHandler
                0x080003e8                TIM1_CC_IRQHandler
                0x080003e8                USB_HP_IRQHandler
                0x080003e8                PVD_IRQHandler
                0x080003e8                EXTI3_IRQHandler
                0x080003e8                EXTI0_IRQHandler
                0x080003e8                I2C2_EV_IRQHandler
                0x080003e8                FPU_IRQHandler
                0x080003e8                EXTI2_TS_IRQHandler
                0x080003e8                TIM1_UP_TIM16_IRQHandler
                0x080003e8                ADC1_2_IRQHandler
                0x080003e8                SPI1_IRQHandler
                0x080003e8                TIM6_DAC_IRQHandler
                0x080003e8                TIM8_UP_IRQHandler
                0x080003e8                DMA2_Channel2_IRQHandler
                0x080003e8                DMA1_Channel4_IRQHandler
                0x080003e8                USART3_IRQHandler
                0x080003e8                DMA1_Channel7_IRQHandler
                0x080003e8                CAN1_RX1_IRQHandler
                0x080003e8                UART5_IRQHandler
                0x080003e8                ADC3_IRQHandler
                0x080003e8                TIM4_IRQHandler
                0x080003e8                DMA2_Channel1_IRQHandler
                0x080003e8                I2C1_EV_IRQHandler
                0x080003e8                DMA1_Channel6_IRQHandler
                0x080003e8                UART4_IRQHandler
                0x080003e8                DMA2_Channel4_IRQHandler
                0x080003e8                TIM3_IRQHandler
                0x080003e8                RCC_IRQHandler
                0x080003e8                DMA1_Channel1_IRQHandler
                0x080003e8                Default_Handler
                0x080003e8                USBWakeUp_RMP_IRQHandler
                0x080003e8                EXTI15_10_IRQHandler
                0x080003e8                TIM7_IRQHandler
                0x080003e8                EXTI9_5_IRQHandler
                0x080003e8                TAMPER_STAMP_IRQHandler
                0x080003e8                RTC_WKUP_IRQHandler
                0x080003e8                SPI2_IRQHandler
                0x080003e8                DMA2_Channel5_IRQHandler
                0x080003e8                DMA1_Channel5_IRQHandler
                0x080003e8                USB_LP_IRQHandler
                0x080003e8                EXTI4_IRQHandler
                0x080003e8                USB_LP_CAN1_RX0_IRQHandler
                0x080003e8                TIM1_TRG_COM_TIM17_IRQHandler
                0x080003e8                USB_HP_CAN1_TX_IRQHandler
                0x080003e8                DMA1_Channel3_IRQHandler
                0x080003e8                ADC4_IRQHandler
                0x080003e8                WWDG_IRQHandler
                0x080003e8                TIM2_IRQHandler
                0x080003e8                COMP7_IRQHandler
                0x080003e8                COMP1_2_3_IRQHandler
                0x080003e8                EXTI1_IRQHandler
                0x080003e8                USART2_IRQHandler
                0x080003e8                COMP4_5_6_IRQHandler
                0x080003e8                I2C2_ER_IRQHandler
                0x080003e8                DMA1_Channel2_IRQHandler
                0x080003e8                TIM8_BRK_IRQHandler
                0x080003e8                CAN1_SCE_IRQHandler
                0x080003e8                FLASH_IRQHandler
                0x080003e8                USART1_IRQHandler
                0x080003e8                SPI3_IRQHandler
                0x080003e8                I2C1_ER_IRQHandler
                0x080003e8                USBWakeUp_IRQHandler
                0x080003e8                DMA2_Channel3_IRQHandler
                0x080003e8                TIM1_BRK_TIM15_IRQHandler

.inits          0x080003ec       0x28
                0x080003ec                __data_regions_array_start = .
                0x080003ec        0x4 LONG 0x8001708 LOADADDR (.data)
                0x080003f0        0x4 LONG 0x20000000 ADDR (.data)
                0x080003f4        0x4 LONG 0x20000088 (ADDR (.data) + SIZEOF (.data))
                0x080003f8        0x4 LONG 0x8001708 LOADADDR (.data_CCMRAM)
                0x080003fc        0x4 LONG 0x10000000 ADDR (.data_CCMRAM)
                0x08000400        0x4 LONG 0x10000000 (ADDR (.data_CCMRAM) + SIZEOF (.data_CCMRAM))
                0x08000404                __data_regions_array_end = .
                0x08000404                __bss_regions_array_start = .
                0x08000404        0x4 LONG 0x20000088 ADDR (.bss)
                0x08000408        0x4 LONG 0x20000128 (ADDR (.bss) + SIZEOF (.bss))
                0x0800040c        0x4 LONG 0x10000000 ADDR (.bss_CCMRAM)
                0x08000410        0x4 LONG 0x10000000 (ADDR (.bss_CCMRAM) + SIZEOF (.bss_CCMRAM))
                0x08000414                __bss_regions_array_end = .
 *(.init)
 *(.fini)
                0x08000414                . = ALIGN (0x4)
                0x08000414                PROVIDE (__preinit_array_start, .)
 *(.preinit_array_sysinit .preinit_array_sysinit.*)
 *(.preinit_array_platform .preinit_array_platform.*)
 *(.preinit_array .preinit_array.*)
                0x08000414                PROVIDE (__preinit_array_end, .)
                0x08000414                . = ALIGN (0x4)
                0x08000414                PROVIDE (__init_array_start, .)
 *(SORT(.init_array.*))
 *(.init_array)
                0x08000414                PROVIDE (__init_array_end, .)
                0x08000414                . = ALIGN (0x4)
                0x08000414                PROVIDE (__fini_array_start, .)
 *(SORT(.fini_array.*))
 *(.fini_array)
                0x08000414                PROVIDE (__fini_array_end, .)

.flashtext
 *(.flashtext .flashtext.*)

.text           0x08000420     0x12e5
 *(.text .text.*)
 .text.GPIO_Init
                0x08000420      0x118 ./system/src/stm32f3-stdperiph/stm32f30x_gpio.o
                0x08000420                GPIO_Init
 .text.GPIO_SetBits
                0x08000538       0x54 ./system/src/stm32f3-stdperiph/stm32f30x_gpio.o
                0x08000538                GPIO_SetBits
 .text.GPIO_ResetBits
                0x0800058c       0x54 ./system/src/stm32f3-stdperiph/stm32f30x_gpio.o
                0x0800058c                GPIO_ResetBits
 .text.RCC_AHBPeriphClockCmd
                0x080005e0       0x4c ./system/src/stm32f3-stdperiph/stm32f30x_rcc.o
                0x080005e0                RCC_AHBPeriphClockCmd
 .text._exit    0x0800062c        0x4 ./system/src/newlib/_exit.o
                0x0800062c                _exit
 .text.abort    0x08000630       0x14 ./system/src/newlib/_exit.o
                0x08000630                abort
 .text._sbrk    0x08000644       0x44 ./system/src/newlib/_sbrk.o
                0x08000644                _sbrk
 .text.__initialize_args
                0x08000688       0x10 ./system/src/newlib/_syscalls.o
                0x08000688                __initialize_args
 .text.assert_failed
                0x08000698       0x14 ./system/src/newlib/assert.o
                0x08000698                assert_failed
 .text.trace_printf
                0x080006ac       0x30 ./system/src/diag/Trace.o
                0x080006ac                trace_printf
 .text.trace_puts
                0x080006dc       0x20 ./system/src/diag/Trace.o
                0x080006dc                trace_puts
 .text._trace_write_semihosting_debug
                0x080006fc       0x64 ./system/src/diag/trace_impl.o
 .text.trace_write
                0x08000760        0x8 ./system/src/diag/trace_impl.o
                0x08000760                trace_write
 .text.__initialize_hardware_early
                0x08000768       0x18 ./system/src/cortexm/_initialize_hardware.o
                0x08000768                __initialize_hardware_early
 .text.__initialize_hardware
                0x08000780        0x8 ./system/src/cortexm/_initialize_hardware.o
                0x08000780                __initialize_hardware
 .text.dumpExceptionStack
                0x08000788       0xf0 ./system/src/cortexm/exception_handlers.o
                0x08000788                dumpExceptionStack
 .text.isSemihosting
                0x08000878       0x20 ./system/src/cortexm/exception_handlers.o
                0x08000878                isSemihosting
 .text.SetSysClock
                0x08000898       0xb0 ./system/src/cmsis/system_stm32f30x.o
 .text.SystemInit
                0x08000948       0x64 ./system/src/cmsis/system_stm32f30x.o
                0x08000948                SystemInit
 .text.SystemCoreClockUpdate
                0x080009ac       0x8c ./system/src/cmsis/system_stm32f30x.o
                0x080009ac                SystemCoreClockUpdate
 .text._ZN8BlinkLed7powerUpEv
                0x08000a38       0x44 ./src/BlinkLed.o
                0x08000a38                BlinkLed::powerUp()
 .text._ZN5Timer5sleepEm
                0x08000a7c       0x14 ./src/Timer.o
                0x08000a7c                Timer::sleep(unsigned long)
 .text.SysTick_Handler
                0x08000a90       0x14 ./src/Timer.o
                0x08000a90                SysTick_Handler
 .text.main     0x08000aa4       0x98 ./src/main.o
                0x08000aa4                main
 .text.__errno  0x08000b3c        0xc c:/program files (x86)/gnu tools arm embedded/5.3 2016q1/bin/../lib/gcc/arm-none-eabi/5.3.1/../../../../arm-none-eabi/lib/armv7e-m\libg_nano.a(lib_a-errno.o)
                0x08000b3c                __errno
 .text          0x08000b48       0x10 c:/program files (x86)/gnu tools arm embedded/5.3 2016q1/bin/../lib/gcc/arm-none-eabi/5.3.1/../../../../arm-none-eabi/lib/armv7e-m\libg_nano.a(lib_a-strlen.o)
                0x08000b48                strlen
 .text._vsnprintf_r
                0x08000b58       0x56 c:/program files (x86)/gnu tools arm embedded/5.3 2016q1/bin/../lib/gcc/arm-none-eabi/5.3.1/../../../../arm-none-eabi/lib/armv7e-m\libg_nano.a(lib_a-vsnprintf.o)
                0x08000b58                _vsniprintf_r
                0x08000b58                _vsnprintf_r
 *fill*         0x08000bae        0x2 
 .text.vsnprintf
                0x08000bb0       0x1c c:/program files (x86)/gnu tools arm embedded/5.3 2016q1/bin/../lib/gcc/arm-none-eabi/5.3.1/../../../../arm-none-eabi/lib/armv7e-m\libg_nano.a(lib_a-vsnprintf.o)
                0x08000bb0                vsniprintf
                0x08000bb0                vsnprintf
 .text.__ssputs_r
                0x08000bcc       0xb2 c:/program files (x86)/gnu tools arm embedded/5.3 2016q1/bin/../lib/gcc/arm-none-eabi/5.3.1/../../../../arm-none-eabi/lib/armv7e-m\libg_nano.a(lib_a-nano-svfprintf.o)
                0x08000bcc                __ssputs_r
 *fill*         0x08000c7e        0x2 
 .text._svfprintf_r
                0x08000c80      0x1e8 c:/program files (x86)/gnu tools arm embedded/5.3 2016q1/bin/../lib/gcc/arm-none-eabi/5.3.1/../../../../arm-none-eabi/lib/armv7e-m\libg_nano.a(lib_a-nano-svfprintf.o)
                0x08000c80                _svfiprintf_r
                0x08000c80                _svfprintf_r
 .text._printf_common
                0x08000e68       0xec c:/program files (x86)/gnu tools arm embedded/5.3 2016q1/bin/../lib/gcc/arm-none-eabi/5.3.1/../../../../arm-none-eabi/lib/armv7e-m\libg_nano.a(lib_a-nano-vfprintf_i.o)
                0x08000e68                _printf_common
 .text._printf_i
                0x08000f54      0x24c c:/program files (x86)/gnu tools arm embedded/5.3 2016q1/bin/../lib/gcc/arm-none-eabi/5.3.1/../../../../arm-none-eabi/lib/armv7e-m\libg_nano.a(lib_a-nano-vfprintf_i.o)
                0x08000f54                _printf_i
 .text          0x080011a0       0xa0 c:/program files (x86)/gnu tools arm embedded/5.3 2016q1/bin/../lib/gcc/arm-none-eabi/5.3.1/../../../../arm-none-eabi/lib/armv7e-m\libg_nano.a(lib_a-memchr.o)
                0x080011a0                memchr
 .text.memcpy   0x08001240       0x16 c:/program files (x86)/gnu tools arm embedded/5.3 2016q1/bin/../lib/gcc/arm-none-eabi/5.3.1/../../../../arm-none-eabi/lib/armv7e-m\libg_nano.a(lib_a-memcpy-stub.o)
                0x08001240                memcpy
 .text.memmove  0x08001256       0x36 c:/program files (x86)/gnu tools arm embedded/5.3 2016q1/bin/../lib/gcc/arm-none-eabi/5.3.1/../../../../arm-none-eabi/lib/armv7e-m\libg_nano.a(lib_a-memmove.o)
                0x08001256                memmove
 .text._free_r  0x0800128c       0x8c c:/program files (x86)/gnu tools arm embedded/5.3 2016q1/bin/../lib/gcc/arm-none-eabi/5.3.1/../../../../arm-none-eabi/lib/armv7e-m\libg_nano.a(lib_a-nano-freer.o)
                0x0800128c                _free_r
 .text._malloc_r
                0x08001318       0xa8 c:/program files (x86)/gnu tools arm embedded/5.3 2016q1/bin/../lib/gcc/arm-none-eabi/5.3.1/../../../../arm-none-eabi/lib/armv7e-m\libg_nano.a(lib_a-nano-mallocr.o)
                0x08001318                _malloc_r
 .text._realloc_r
                0x080013c0       0x4c c:/program files (x86)/gnu tools arm embedded/5.3 2016q1/bin/../lib/gcc/arm-none-eabi/5.3.1/../../../../arm-none-eabi/lib/armv7e-m\libg_nano.a(lib_a-nano-reallocr.o)
                0x080013c0                _realloc_r
 .text._sbrk_r  0x0800140c       0x20 c:/program files (x86)/gnu tools arm embedded/5.3 2016q1/bin/../lib/gcc/arm-none-eabi/5.3.1/../../../../arm-none-eabi/lib/armv7e-m\libg_nano.a(lib_a-sbrkr.o)
                0x0800140c                _sbrk_r
 .text._malloc_usable_size_r
                0x0800142c       0x14 c:/program files (x86)/gnu tools arm embedded/5.3 2016q1/bin/../lib/gcc/arm-none-eabi/5.3.1/../../../../arm-none-eabi/lib/armv7e-m\libg_nano.a(lib_a-nano-msizer.o)
                0x0800142c                _malloc_usable_size_r
 *(.rodata .rodata.* .constdata .constdata.*)
 .rodata.str1.4
                0x08001440       0x31 ./system/src/stm32f3-stdperiph/stm32f30x_gpio.o
 *fill*         0x08001471        0x3 
 .rodata.str1.4
                0x08001474       0x30 ./system/src/stm32f3-stdperiph/stm32f30x_rcc.o
 .rodata.str1.4
                0x080014a4       0x14 ./system/src/newlib/_exit.o
 .rodata.str1.4
                0x080014b8       0x6b ./system/src/newlib/assert.o
                                 0x6f (size before relaxing)
 *fill*         0x08001523        0x1 
 .rodata.str1.4
                0x08001524       0x29 ./system/src/diag/Trace.o
                                 0x2d (size before relaxing)
 *fill*         0x0800154d        0x3 
 .rodata.str1.4
                0x08001550      0x146 ./system/src/cortexm/exception_handlers.o
 *fill*         0x08001696        0x2 
 .rodata.str1.4
                0x08001698       0x38 ./src/main.o
                                 0x37 (size before relaxing)
 .rodata.str1.1
                0x080016d0        0x2 c:/program files (x86)/gnu tools arm embedded/5.3 2016q1/bin/../lib/gcc/arm-none-eabi/5.3.1/../../../../arm-none-eabi/lib/armv7e-m\libg_nano.a(lib_a-impure.o)
 .rodata.str1.1
                0x080016d2       0x11 c:/program files (x86)/gnu tools arm embedded/5.3 2016q1/bin/../lib/gcc/arm-none-eabi/5.3.1/../../../../arm-none-eabi/lib/armv7e-m\libg_nano.a(lib_a-nano-svfprintf.o)
 .rodata.str1.1
                0x080016e3       0x22 c:/program files (x86)/gnu tools arm embedded/5.3 2016q1/bin/../lib/gcc/arm-none-eabi/5.3.1/../../../../arm-none-eabi/lib/armv7e-m\libg_nano.a(lib_a-nano-vfprintf_i.o)
 *(vtable)
 *(.eh_frame*)
 *(.glue_7)
 .glue_7        0x08001705        0x0 linker stubs
 *(.glue_7t)
 .glue_7t       0x08001705        0x0 linker stubs

.vfp11_veneer   0x08001708        0x0
 .vfp11_veneer  0x08001708        0x0 linker stubs

.v4_bx          0x08001708        0x0
 .v4_bx         0x08001708        0x0 linker stubs

.iplt           0x08001708        0x0
 .iplt          0x08001708        0x0 ./system/src/stm32f3-stdperiph/stm32f30x_gpio.o

.rel.dyn        0x08001708        0x0
 .rel.iplt      0x08001708        0x0 ./system/src/stm32f3-stdperiph/stm32f30x_gpio.o

.ARM.extab
 *(.ARM.extab* .gnu.linkonce.armextab.*)
                0x08001708                . = ALIGN (0x4)
                0x08001708                __exidx_start = .

.ARM.exidx
 *(.ARM.exidx* .gnu.linkonce.armexidx.*)
                0x08001708                __exidx_end = .
                0x08001708                . = ALIGN (0x4)
                0x08001708                _etext = .
                0x08001708                __etext = .

.data_CCMRAM    0x10000000        0x0 load address 0x08001708
 FILL mask 0xff
 *(.data.CCMRAM .data.CCMRAM.*)
                0x10000000                . = ALIGN (0x4)
                0x08001708                _sidata = LOADADDR (.data)

.data           0x20000000       0x88 load address 0x08001708
 FILL mask 0xff
                0x20000000                _sdata = .
                0x20000000                __data_start__ = .
 *(.data_begin .data_begin.*)
 .data_begin    0x20000000        0x4 ./system/src/newlib/_startup.o
 *(.data .data.*)
 .data.argv.4255
                0x20000004        0x8 ./system/src/newlib/_syscalls.o
 .data.AHBPrescTable
                0x2000000c       0x10 ./system/src/cmsis/system_stm32f30x.o
                0x2000000c                AHBPrescTable
 .data.SystemCoreClock
                0x2000001c        0x4 ./system/src/cmsis/system_stm32f30x.o
                0x2000001c                SystemCoreClock
 .data.impure_data
                0x20000020       0x60 c:/program files (x86)/gnu tools arm embedded/5.3 2016q1/bin/../lib/gcc/arm-none-eabi/5.3.1/../../../../arm-none-eabi/lib/armv7e-m\libg_nano.a(lib_a-impure.o)
 .data._impure_ptr
                0x20000080        0x4 c:/program files (x86)/gnu tools arm embedded/5.3 2016q1/bin/../lib/gcc/arm-none-eabi/5.3.1/../../../../arm-none-eabi/lib/armv7e-m\libg_nano.a(lib_a-impure.o)
                0x20000080                _impure_ptr
 *(.data_end .data_end.*)
 .data_end      0x20000084        0x4 ./system/src/newlib/_startup.o
                0x20000088                . = ALIGN (0x4)
                0x20000088                _edata = .
                0x20000088                __data_end__ = .

.igot.plt       0x20000088        0x0 load address 0x08001790
 .igot.plt      0x20000088        0x0 ./system/src/stm32f3-stdperiph/stm32f30x_gpio.o

.bss_CCMRAM     0x10000000        0x0
 *(.bss.CCMRAM .bss.CCMRAM.*)

.bss            0x20000088       0xa0
                0x20000088                __bss_start__ = .
                0x20000088                _sbss = .
 *(.bss_begin .bss_begin.*)
 .bss_begin     0x20000088        0x4 ./system/src/newlib/_startup.o
 *(.bss .bss.*)
 .bss.current_heap_end.3946
                0x2000008c        0x4 ./system/src/newlib/_sbrk.o
 .bss.name.4254
                0x20000090        0x1 ./system/src/newlib/_syscalls.o
 *fill*         0x20000091        0x3 
 .bss.buf.5140  0x20000094       0x80 ./system/src/diag/Trace.o
 .bss._ZN5Timer13ms_delayCountE
                0x20000114        0x4 ./src/Timer.o
                0x20000114                Timer::ms_delayCount
 .bss.__malloc_sbrk_start
                0x20000118        0x4 c:/program files (x86)/gnu tools arm embedded/5.3 2016q1/bin/../lib/gcc/arm-none-eabi/5.3.1/../../../../arm-none-eabi/lib/armv7e-m\libg_nano.a(lib_a-nano-mallocr.o)
                0x20000118                __malloc_sbrk_start
 .bss.__malloc_free_list
                0x2000011c        0x4 c:/program files (x86)/gnu tools arm embedded/5.3 2016q1/bin/../lib/gcc/arm-none-eabi/5.3.1/../../../../arm-none-eabi/lib/armv7e-m\libg_nano.a(lib_a-nano-mallocr.o)
                0x2000011c                __malloc_free_list
 *(COMMON)
 COMMON         0x20000120        0x4 ./system/src/newlib/_syscalls.o
                0x20000120                errno
 *(.bss_end .bss_end.*)
 .bss_end       0x20000124        0x4 ./system/src/newlib/_startup.o
                0x20000128                . = ALIGN (0x4)
                0x20000128                __bss_end__ = .
                0x20000128                _ebss = .

.noinit_CCMRAM
 *(.noinit.CCMRAM .noinit.CCMRAM.*)

.noinit         0x20000128        0x0
                0x20000128                _noinit = .
 *(.noinit .noinit.*)
                0x20000128                . = ALIGN (0x4)
                0x20000128                _end_noinit = .
                [!provide]                PROVIDE (end, _end_noinit)
                [!provide]                PROVIDE (_end, _end_noinit)
                [!provide]                PROVIDE (__end, _end_noinit)
                [!provide]                PROVIDE (__end__, _end_noinit)

._check_stack   0x20000128      0x100
                0x20000228                . = (. + _Minimum_Stack_Size)
 *fill*         0x20000128      0x100 

.b1text
 *(.b1text)
 *(.b1rodata)
 *(.b1rodata.*)

.eb0text
 *(.eb0text)
 *(.eb0rodata)
 *(.eb0rodata.*)

.eb1text
 *(.eb1text)
 *(.eb1rodata)
 *(.eb1rodata.*)

.eb2text
 *(.eb2text)
 *(.eb2rodata)
 *(.eb2rodata.*)

.eb3text
 *(.eb3text)
 *(.eb3rodata)
 *(.eb3rodata.*)

.stab
 *(.stab)

.stabstr
 *(.stabstr)

.stab.excl
 *(.stab.excl)

.stab.exclstr
 *(.stab.exclstr)

.stab.index
 *(.stab.index)

.stab.indexstr
 *(.stab.indexstr)

.comment        0x00000000       0x6e
 *(.comment)
 .comment       0x00000000       0x6e ./system/src/stm32f3-stdperiph/stm32f30x_gpio.o
                                 0x6f (size before relaxing)
 .comment       0x0000006e       0x6f ./system/src/stm32f3-stdperiph/stm32f30x_rcc.o
 .comment       0x0000006e       0x6f ./system/src/newlib/_exit.o
 .comment       0x0000006e       0x6f ./system/src/newlib/_sbrk.o
 .comment       0x0000006e       0x6f ./system/src/newlib/_startup.o
 .comment       0x0000006e       0x6f ./system/src/newlib/_syscalls.o
 .comment       0x0000006e       0x6f ./system/src/newlib/assert.o
 .comment       0x0000006e       0x6f ./system/src/diag/Trace.o
 .comment       0x0000006e       0x6f ./system/src/diag/trace_impl.o
 .comment       0x0000006e       0x6f ./system/src/cortexm/_initialize_hardware.o
 .comment       0x0000006e       0x6f ./system/src/cortexm/exception_handlers.o
 .comment       0x0000006e       0x6f ./system/src/cmsis/system_stm32f30x.o
 .comment       0x0000006e       0x6f ./system/src/cmsis/vectors_stm32f30x.o
 .comment       0x0000006e       0x6f ./src/BlinkLed.o
 .comment       0x0000006e       0x6f ./src/Timer.o
 .comment       0x0000006e       0x6f ./src/main.o

.ARM.attributes
                0x00000000       0x31
 .ARM.attributes
                0x00000000       0x33 ./system/src/stm32f3-stdperiph/stm32f30x_gpio.o
 .ARM.attributes
                0x00000033       0x33 ./system/src/stm32f3-stdperiph/stm32f30x_rcc.o
 .ARM.attributes
                0x00000066       0x33 ./system/src/newlib/_exit.o
 .ARM.attributes
                0x00000099       0x33 ./system/src/newlib/_sbrk.o
 .ARM.attributes
                0x000000cc       0x33 ./system/src/newlib/_startup.o
 .ARM.attributes
                0x000000ff       0x33 ./system/src/newlib/_syscalls.o
 .ARM.attributes
                0x00000132       0x33 ./system/src/newlib/assert.o
 .ARM.attributes
                0x00000165       0x33 ./system/src/diag/Trace.o
 .ARM.attributes
                0x00000198       0x33 ./system/src/diag/trace_impl.o
 .ARM.attributes
                0x000001cb       0x33 ./system/src/cortexm/_initialize_hardware.o
 .ARM.attributes
                0x000001fe       0x33 ./system/src/cortexm/exception_handlers.o
 .ARM.attributes
                0x00000231       0x33 ./system/src/cmsis/system_stm32f30x.o
 .ARM.attributes
                0x00000264       0x33 ./system/src/cmsis/vectors_stm32f30x.o
 .ARM.attributes
                0x00000297       0x33 ./src/BlinkLed.o
 .ARM.attributes
                0x000002ca       0x33 ./src/Timer.o
 .ARM.attributes
                0x000002fd       0x33 ./src/main.o
 .ARM.attributes
                0x00000330       0x2e c:/program files (x86)/gnu tools arm embedded/5.3 2016q1/bin/../lib/gcc/arm-none-eabi/5.3.1/../../../../arm-none-eabi/lib/armv7e-m\libg_nano.a(lib_a-errno.o)
 .ARM.attributes
                0x0000035e       0x2e c:/program files (x86)/gnu tools arm embedded/5.3 2016q1/bin/../lib/gcc/arm-none-eabi/5.3.1/../../../../arm-none-eabi/lib/armv7e-m\libg_nano.a(lib_a-impure.o)
 .ARM.attributes
                0x0000038c       0x17 c:/program files (x86)/gnu tools arm embedded/5.3 2016q1/bin/../lib/gcc/arm-none-eabi/5.3.1/../../../../arm-none-eabi/lib/armv7e-m\libg_nano.a(lib_a-strlen.o)
 .ARM.attributes
                0x000003a3       0x2e c:/program files (x86)/gnu tools arm embedded/5.3 2016q1/bin/../lib/gcc/arm-none-eabi/5.3.1/../../../../arm-none-eabi/lib/armv7e-m\libg_nano.a(lib_a-vsnprintf.o)
 .ARM.attributes
                0x000003d1       0x2e c:/program files (x86)/gnu tools arm embedded/5.3 2016q1/bin/../lib/gcc/arm-none-eabi/5.3.1/../../../../arm-none-eabi/lib/armv7e-m\libg_nano.a(lib_a-nano-svfprintf.o)
 .ARM.attributes
                0x000003ff       0x2e c:/program files (x86)/gnu tools arm embedded/5.3 2016q1/bin/../lib/gcc/arm-none-eabi/5.3.1/../../../../arm-none-eabi/lib/armv7e-m\libg_nano.a(lib_a-nano-vfprintf_i.o)
 .ARM.attributes
                0x0000042d       0x1c c:/program files (x86)/gnu tools arm embedded/5.3 2016q1/bin/../lib/gcc/arm-none-eabi/5.3.1/../../../../arm-none-eabi/lib/armv7e-m\libg_nano.a(lib_a-memchr.o)
 .ARM.attributes
                0x00000449       0x2e c:/program files (x86)/gnu tools arm embedded/5.3 2016q1/bin/../lib/gcc/arm-none-eabi/5.3.1/../../../../arm-none-eabi/lib/armv7e-m\libg_nano.a(lib_a-memcpy-stub.o)
 .ARM.attributes
                0x00000477       0x2e c:/program files (x86)/gnu tools arm embedded/5.3 2016q1/bin/../lib/gcc/arm-none-eabi/5.3.1/../../../../arm-none-eabi/lib/armv7e-m\libg_nano.a(lib_a-memmove.o)
 .ARM.attributes
                0x000004a5       0x2e c:/program files (x86)/gnu tools arm embedded/5.3 2016q1/bin/../lib/gcc/arm-none-eabi/5.3.1/../../../../arm-none-eabi/lib/armv7e-m\libg_nano.a(lib_a-nano-freer.o)
 .ARM.attributes
                0x000004d3       0x2e c:/program files (x86)/gnu tools arm embedded/5.3 2016q1/bin/../lib/gcc/arm-none-eabi/5.3.1/../../../../arm-none-eabi/lib/armv7e-m\libg_nano.a(lib_a-nano-mallocr.o)
 .ARM.attributes
                0x00000501       0x2e c:/program files (x86)/gnu tools arm embedded/5.3 2016q1/bin/../lib/gcc/arm-none-eabi/5.3.1/../../../../arm-none-eabi/lib/armv7e-m\libg_nano.a(lib_a-nano-reallocr.o)
 .ARM.attributes
                0x0000052f       0x2e c:/program files (x86)/gnu tools arm embedded/5.3 2016q1/bin/../lib/gcc/arm-none-eabi/5.3.1/../../../../arm-none-eabi/lib/armv7e-m\libg_nano.a(lib_a-sbrkr.o)
 .ARM.attributes
                0x0000055d       0x2e c:/program files (x86)/gnu tools arm embedded/5.3 2016q1/bin/../lib/gcc/arm-none-eabi/5.3.1/../../../../arm-none-eabi/lib/armv7e-m\libg_nano.a(lib_a-nano-msizer.o)

.debug
 *(.debug)

.line
 *(.line)

.debug_srcinfo
 *(.debug_srcinfo)

.debug_sfnames
 *(.debug_sfnames)

.debug_aranges  0x00000000      0x488
 *(.debug_aranges)
 .debug_aranges
                0x00000000       0x80 ./system/src/stm32f3-stdperiph/stm32f30x_gpio.o
 .debug_aranges
                0x00000080      0x150 ./system/src/stm32f3-stdperiph/stm32f30x_rcc.o
 .debug_aranges
                0x000001d0       0x28 ./system/src/newlib/_exit.o
 .debug_aranges
                0x000001f8       0x20 ./system/src/newlib/_sbrk.o
 .debug_aranges
                0x00000218       0x40 ./system/src/newlib/_startup.o
 .debug_aranges
                0x00000258       0x30 ./system/src/newlib/_syscalls.o
 .debug_aranges
                0x00000288       0x28 ./system/src/newlib/assert.o
 .debug_aranges
                0x000002b0       0x38 ./system/src/diag/Trace.o
 .debug_aranges
                0x000002e8       0x30 ./system/src/diag/trace_impl.o
 .debug_aranges
                0x00000318       0x28 ./system/src/cortexm/_initialize_hardware.o
 .debug_aranges
                0x00000340       0x90 ./system/src/cortexm/exception_handlers.o
 .debug_aranges
                0x000003d0       0x30 ./system/src/cmsis/system_stm32f30x.o
 .debug_aranges
                0x00000400       0x20 ./system/src/cmsis/vectors_stm32f30x.o
 .debug_aranges
                0x00000420       0x20 ./src/BlinkLed.o
 .debug_aranges
                0x00000440       0x28 ./src/Timer.o
 .debug_aranges
                0x00000468       0x20 ./src/main.o

.debug_pubnames
 *(.debug_pubnames)

.debug_info     0x00000000     0x4b9c
 *(.debug_info .gnu.linkonce.wi.*)
 .debug_info    0x00000000      0xa34 ./system/src/stm32f3-stdperiph/stm32f30x_gpio.o
 .debug_info    0x00000a34      0xf79 ./system/src/stm32f3-stdperiph/stm32f30x_rcc.o
 .debug_info    0x000019ad       0xef ./system/src/newlib/_exit.o
 .debug_info    0x00001a9c      0x11f ./system/src/newlib/_sbrk.o
 .debug_info    0x00001bbb      0x4ef ./system/src/newlib/_startup.o
 .debug_info    0x000020aa      0x1bc ./system/src/newlib/_syscalls.o
 .debug_info    0x00002266      0x1a3 ./system/src/newlib/assert.o
 .debug_info    0x00002409      0x2e6 ./system/src/diag/Trace.o
 .debug_info    0x000026ef      0x30a ./system/src/diag/trace_impl.o
 .debug_info    0x000029f9      0x2b1 ./system/src/cortexm/_initialize_hardware.o
 .debug_info    0x00002caa      0x8ff ./system/src/cortexm/exception_handlers.o
 .debug_info    0x000035a9      0x4a9 ./system/src/cmsis/system_stm32f30x.o
 .debug_info    0x00003a52       0xd1 ./system/src/cmsis/vectors_stm32f30x.o
 .debug_info    0x00003b23      0x422 ./src/BlinkLed.o
 .debug_info    0x00003f45      0x1a4 ./src/Timer.o
 .debug_info    0x000040e9      0xab3 ./src/main.o

.debug_abbrev   0x00000000     0x179a
 *(.debug_abbrev)
 .debug_abbrev  0x00000000      0x1e7 ./system/src/stm32f3-stdperiph/stm32f30x_gpio.o
 .debug_abbrev  0x000001e7      0x221 ./system/src/stm32f3-stdperiph/stm32f30x_rcc.o
 .debug_abbrev  0x00000408       0x8e ./system/src/newlib/_exit.o
 .debug_abbrev  0x00000496       0xb9 ./system/src/newlib/_sbrk.o
 .debug_abbrev  0x0000054f      0x1d4 ./system/src/newlib/_startup.o
 .debug_abbrev  0x00000723       0xec ./system/src/newlib/_syscalls.o
 .debug_abbrev  0x0000080f       0xab ./system/src/newlib/assert.o
 .debug_abbrev  0x000008ba      0x145 ./system/src/diag/Trace.o
 .debug_abbrev  0x000009ff      0x1c8 ./system/src/diag/trace_impl.o
 .debug_abbrev  0x00000bc7       0xea ./system/src/cortexm/_initialize_hardware.o
 .debug_abbrev  0x00000cb1      0x247 ./system/src/cortexm/exception_handlers.o
 .debug_abbrev  0x00000ef8      0x13f ./system/src/cmsis/system_stm32f30x.o
 .debug_abbrev  0x00001037       0x9d ./system/src/cmsis/vectors_stm32f30x.o
 .debug_abbrev  0x000010d4      0x1ef ./src/BlinkLed.o
 .debug_abbrev  0x000012c3      0x183 ./src/Timer.o
 .debug_abbrev  0x00001446      0x354 ./src/main.o

.debug_line     0x00000000     0x4833
 *(.debug_line)
 .debug_line    0x00000000      0x741 ./system/src/stm32f3-stdperiph/stm32f30x_gpio.o
 .debug_line    0x00000741      0xa57 ./system/src/stm32f3-stdperiph/stm32f30x_rcc.o
 .debug_line    0x00001198      0x323 ./system/src/newlib/_exit.o
 .debug_line    0x000014bb      0x2d5 ./system/src/newlib/_sbrk.o
 .debug_line    0x00001790      0x39d ./system/src/newlib/_startup.o
 .debug_line    0x00001b2d      0x3d8 ./system/src/newlib/_syscalls.o
 .debug_line    0x00001f05      0x35e ./system/src/newlib/assert.o
 .debug_line    0x00002263      0x382 ./system/src/diag/Trace.o
 .debug_line    0x000025e5      0x615 ./system/src/diag/trace_impl.o
 .debug_line    0x00002bfa      0x37f ./system/src/cortexm/_initialize_hardware.o
 .debug_line    0x00002f79      0x6b2 ./system/src/cortexm/exception_handlers.o
 .debug_line    0x0000362b      0x3bf ./system/src/cmsis/system_stm32f30x.o
 .debug_line    0x000039ea      0x103 ./system/src/cmsis/vectors_stm32f30x.o
 .debug_line    0x00003aed      0x360 ./src/BlinkLed.o
 .debug_line    0x00003e4d      0x3a2 ./src/Timer.o
 .debug_line    0x000041ef      0x644 ./src/main.o

.debug_frame    0x00000000      0xcac
 *(.debug_frame)
 .debug_frame   0x00000000      0x164 ./system/src/stm32f3-stdperiph/stm32f30x_gpio.o
 .debug_frame   0x00000164      0x3cc ./system/src/stm32f3-stdperiph/stm32f30x_rcc.o
 .debug_frame   0x00000530       0x38 ./system/src/newlib/_exit.o
 .debug_frame   0x00000568       0x28 ./system/src/newlib/_sbrk.o
 .debug_frame   0x00000590       0x7c ./system/src/newlib/_startup.o
 .debug_frame   0x0000060c       0x50 ./system/src/newlib/_syscalls.o
 .debug_frame   0x0000065c       0x40 ./system/src/newlib/assert.o
 .debug_frame   0x0000069c       0x94 ./system/src/diag/Trace.o
 .debug_frame   0x00000730       0x60 ./system/src/diag/trace_impl.o
 .debug_frame   0x00000790       0x40 ./system/src/cortexm/_initialize_hardware.o
 .debug_frame   0x000007d0      0x158 ./system/src/cortexm/exception_handlers.o
 .debug_frame   0x00000928       0x50 ./system/src/cmsis/system_stm32f30x.o
 .debug_frame   0x00000978       0x20 ./system/src/cmsis/vectors_stm32f30x.o
 .debug_frame   0x00000998       0x30 ./src/BlinkLed.o
 .debug_frame   0x000009c8       0x30 ./src/Timer.o
 .debug_frame   0x000009f8       0x2c ./src/main.o
 .debug_frame   0x00000a24       0x20 c:/program files (x86)/gnu tools arm embedded/5.3 2016q1/bin/../lib/gcc/arm-none-eabi/5.3.1/../../../../arm-none-eabi/lib/armv7e-m\libg_nano.a(lib_a-errno.o)
 .debug_frame   0x00000a44       0x48 c:/program files (x86)/gnu tools arm embedded/5.3 2016q1/bin/../lib/gcc/arm-none-eabi/5.3.1/../../../../arm-none-eabi/lib/armv7e-m\libg_nano.a(lib_a-vsnprintf.o)
 .debug_frame   0x00000a8c       0x90 c:/program files (x86)/gnu tools arm embedded/5.3 2016q1/bin/../lib/gcc/arm-none-eabi/5.3.1/../../../../arm-none-eabi/lib/armv7e-m\libg_nano.a(lib_a-nano-svfprintf.o)
 .debug_frame   0x00000b1c       0x60 c:/program files (x86)/gnu tools arm embedded/5.3 2016q1/bin/../lib/gcc/arm-none-eabi/5.3.1/../../../../arm-none-eabi/lib/armv7e-m\libg_nano.a(lib_a-nano-vfprintf_i.o)
 .debug_frame   0x00000b7c       0x28 c:/program files (x86)/gnu tools arm embedded/5.3 2016q1/bin/../lib/gcc/arm-none-eabi/5.3.1/../../../../arm-none-eabi/lib/armv7e-m\libg_nano.a(lib_a-memcpy-stub.o)
 .debug_frame   0x00000ba4       0x28 c:/program files (x86)/gnu tools arm embedded/5.3 2016q1/bin/../lib/gcc/arm-none-eabi/5.3.1/../../../../arm-none-eabi/lib/armv7e-m\libg_nano.a(lib_a-memmove.o)
 .debug_frame   0x00000bcc       0x2c c:/program files (x86)/gnu tools arm embedded/5.3 2016q1/bin/../lib/gcc/arm-none-eabi/5.3.1/../../../../arm-none-eabi/lib/armv7e-m\libg_nano.a(lib_a-nano-freer.o)
 .debug_frame   0x00000bf8       0x2c c:/program files (x86)/gnu tools arm embedded/5.3 2016q1/bin/../lib/gcc/arm-none-eabi/5.3.1/../../../../arm-none-eabi/lib/armv7e-m\libg_nano.a(lib_a-nano-mallocr.o)
 .debug_frame   0x00000c24       0x3c c:/program files (x86)/gnu tools arm embedded/5.3 2016q1/bin/../lib/gcc/arm-none-eabi/5.3.1/../../../../arm-none-eabi/lib/armv7e-m\libg_nano.a(lib_a-nano-reallocr.o)
 .debug_frame   0x00000c60       0x2c c:/program files (x86)/gnu tools arm embedded/5.3 2016q1/bin/../lib/gcc/arm-none-eabi/5.3.1/../../../../arm-none-eabi/lib/armv7e-m\libg_nano.a(lib_a-sbrkr.o)
 .debug_frame   0x00000c8c       0x20 c:/program files (x86)/gnu tools arm embedded/5.3 2016q1/bin/../lib/gcc/arm-none-eabi/5.3.1/../../../../arm-none-eabi/lib/armv7e-m\libg_nano.a(lib_a-nano-msizer.o)

.debug_str      0x00000000    0x5b7bb
 *(.debug_str)
 .debug_str     0x00000000    0x5352e ./system/src/stm32f3-stdperiph/stm32f30x_gpio.o
                              0x53758 (size before relaxing)
 .debug_str     0x0005352e      0xa62 ./system/src/stm32f3-stdperiph/stm32f30x_rcc.o
                              0x53ef6 (size before relaxing)
 .debug_str     0x00053f90     0x4485 ./system/src/newlib/_exit.o
                               0x6b19 (size before relaxing)
 .debug_str     0x00058415      0x4de ./system/src/newlib/_sbrk.o
                               0x5f04 (size before relaxing)
 .debug_str     0x000588f3      0x2d7 ./system/src/newlib/_startup.o
                               0x5b05 (size before relaxing)
 .debug_str     0x00058bca      0xe06 ./system/src/newlib/_syscalls.o
                               0x6d4c (size before relaxing)
 .debug_str     0x000599d0       0xdf ./system/src/newlib/assert.o
                               0x7622 (size before relaxing)
 .debug_str     0x00059aaf      0x876 ./system/src/diag/Trace.o
                               0x72ec (size before relaxing)
 .debug_str     0x0005a325      0x381 ./system/src/diag/trace_impl.o
                              0x56f84 (size before relaxing)
 .debug_str     0x0005a6a6       0xa9 ./system/src/cortexm/_initialize_hardware.o
                              0x53504 (size before relaxing)
 .debug_str     0x0005a74f      0x1a8 ./system/src/cortexm/exception_handlers.o
                              0x57d5f (size before relaxing)
 .debug_str     0x0005a8f7       0x7b ./system/src/cmsis/system_stm32f30x.o
                              0x535a5 (size before relaxing)
 .debug_str     0x0005a972       0x57 ./system/src/cmsis/vectors_stm32f30x.o
                               0x307e (size before relaxing)
 .debug_str     0x0005a9c9      0x6be ./src/BlinkLed.o
                              0x53ad1 (size before relaxing)
 .debug_str     0x0005b087       0xb2 ./src/Timer.o
                              0x53806 (size before relaxing)
 .debug_str     0x0005b139      0x682 ./src/main.o
                              0x58c4b (size before relaxing)

.debug_loc      0x00000000     0x1da0
 *(.debug_loc)
 .debug_loc     0x00000000      0x4d7 ./system/src/stm32f3-stdperiph/stm32f30x_gpio.o
 .debug_loc     0x000004d7      0xc50 ./system/src/stm32f3-stdperiph/stm32f30x_rcc.o
 .debug_loc     0x00001127       0x82 ./system/src/newlib/_sbrk.o
 .debug_loc     0x000011a9      0x36e ./system/src/newlib/_startup.o
 .debug_loc     0x00001517       0x63 ./system/src/newlib/_syscalls.o
 .debug_loc     0x0000157a      0x110 ./system/src/newlib/assert.o
 .debug_loc     0x0000168a      0x102 ./system/src/diag/Trace.o
 .debug_loc     0x0000178c      0x17c ./system/src/diag/trace_impl.o
 .debug_loc     0x00001908      0x2a8 ./system/src/cortexm/exception_handlers.o
 .debug_loc     0x00001bb0       0xff ./system/src/cmsis/system_stm32f30x.o
 .debug_loc     0x00001caf       0x37 ./src/BlinkLed.o
 .debug_loc     0x00001ce6       0xba ./src/main.o

.debug_macinfo
 *(.debug_macinfo)

.debug_weaknames
 *(.debug_weaknames)

.debug_funcnames
 *(.debug_funcnames)

.debug_typenames
 *(.debug_typenames)

.debug_varnames
 *(.debug_varnames)
OUTPUT(Motor.elf elf32-littlearm)

.debug_ranges   0x00000000      0x3b8
 .debug_ranges  0x00000000       0x70 ./system/src/stm32f3-stdperiph/stm32f30x_gpio.o
 .debug_ranges  0x00000070      0x140 ./system/src/stm32f3-stdperiph/stm32f30x_rcc.o
 .debug_ranges  0x000001b0       0x18 ./system/src/newlib/_exit.o
 .debug_ranges  0x000001c8       0x10 ./system/src/newlib/_sbrk.o
 .debug_ranges  0x000001d8       0x30 ./system/src/newlib/_startup.o
 .debug_ranges  0x00000208       0x20 ./system/src/newlib/_syscalls.o
 .debug_ranges  0x00000228       0x18 ./system/src/newlib/assert.o
 .debug_ranges  0x00000240       0x28 ./system/src/diag/Trace.o
 .debug_ranges  0x00000268       0x38 ./system/src/diag/trace_impl.o
 .debug_ranges  0x000002a0       0x18 ./system/src/cortexm/_initialize_hardware.o
 .debug_ranges  0x000002b8       0x98 ./system/src/cortexm/exception_handlers.o
 .debug_ranges  0x00000350       0x20 ./system/src/cmsis/system_stm32f30x.o
 .debug_ranges  0x00000370       0x10 ./system/src/cmsis/vectors_stm32f30x.o
 .debug_ranges  0x00000380       0x10 ./src/BlinkLed.o
 .debug_ranges  0x00000390       0x18 ./src/Timer.o
 .debug_ranges  0x000003a8       0x10 ./src/main.o

.debug_macro    0x00000000    0x11ae4
 .debug_macro   0x00000000      0x16c ./system/src/stm32f3-stdperiph/stm32f30x_gpio.o
 .debug_macro   0x0000016c      0x898 ./system/src/stm32f3-stdperiph/stm32f30x_gpio.o
 .debug_macro   0x00000a04       0x6e ./system/src/stm32f3-stdperiph/stm32f30x_gpio.o
 .debug_macro   0x00000a72      0x34e ./system/src/stm32f3-stdperiph/stm32f30x_gpio.o
 .debug_macro   0x00000dc0       0x35 ./system/src/stm32f3-stdperiph/stm32f30x_gpio.o
 .debug_macro   0x00000df5       0x50 ./system/src/stm32f3-stdperiph/stm32f30x_gpio.o
 .debug_macro   0x00000e45      0xe66 ./system/src/stm32f3-stdperiph/stm32f30x_gpio.o
 .debug_macro   0x00001cab     0x769b ./system/src/stm32f3-stdperiph/stm32f30x_gpio.o
 .debug_macro   0x00009346      0x5a6 ./system/src/stm32f3-stdperiph/stm32f30x_gpio.o
 .debug_macro   0x000098ec      0x3cf ./system/src/stm32f3-stdperiph/stm32f30x_gpio.o
 .debug_macro   0x00009cbb       0x46 ./system/src/stm32f3-stdperiph/stm32f30x_gpio.o
 .debug_macro   0x00009d01      0x231 ./system/src/stm32f3-stdperiph/stm32f30x_gpio.o
 .debug_macro   0x00009f32      0x196 ./system/src/stm32f3-stdperiph/stm32f30x_gpio.o
 .debug_macro   0x0000a0c8       0x8e ./system/src/stm32f3-stdperiph/stm32f30x_gpio.o
 .debug_macro   0x0000a156      0x3a9 ./system/src/stm32f3-stdperiph/stm32f30x_gpio.o
 .debug_macro   0x0000a4ff      0x116 ./system/src/stm32f3-stdperiph/stm32f30x_gpio.o
 .debug_macro   0x0000a615      0x1e4 ./system/src/stm32f3-stdperiph/stm32f30x_gpio.o
 .debug_macro   0x0000a7f9      0x1df ./system/src/stm32f3-stdperiph/stm32f30x_gpio.o
 .debug_macro   0x0000a9d8      0x29a ./system/src/stm32f3-stdperiph/stm32f30x_gpio.o
 .debug_macro   0x0000ac72       0x70 ./system/src/stm32f3-stdperiph/stm32f30x_gpio.o
 .debug_macro   0x0000ace2      0x10c ./system/src/stm32f3-stdperiph/stm32f30x_gpio.o
 .debug_macro   0x0000adee       0xb8 ./system/src/stm32f3-stdperiph/stm32f30x_gpio.o
 .debug_macro   0x0000aea6      0x5c6 ./system/src/stm32f3-stdperiph/stm32f30x_gpio.o
 .debug_macro   0x0000b46c      0x551 ./system/src/stm32f3-stdperiph/stm32f30x_gpio.o
 .debug_macro   0x0000b9bd      0x3ac ./system/src/stm32f3-stdperiph/stm32f30x_gpio.o
 .debug_macro   0x0000bd69      0x8d8 ./system/src/stm32f3-stdperiph/stm32f30x_gpio.o
 .debug_macro   0x0000c641      0x364 ./system/src/stm32f3-stdperiph/stm32f30x_gpio.o
 .debug_macro   0x0000c9a5       0x34 ./system/src/stm32f3-stdperiph/stm32f30x_gpio.o
 .debug_macro   0x0000c9d9       0x89 ./system/src/stm32f3-stdperiph/stm32f30x_gpio.o
 .debug_macro   0x0000ca62       0x35 ./system/src/stm32f3-stdperiph/stm32f30x_gpio.o
 .debug_macro   0x0000ca97      0x1b0 ./system/src/stm32f3-stdperiph/stm32f30x_gpio.o
 .debug_macro   0x0000cc47      0x209 ./system/src/stm32f3-stdperiph/stm32f30x_rcc.o
 .debug_macro   0x0000ce50      0x1b6 ./system/src/stm32f3-stdperiph/stm32f30x_rcc.o
 .debug_macro   0x0000d006      0x5c0 ./system/src/stm32f3-stdperiph/stm32f30x_rcc.o
 .debug_macro   0x0000d5c6      0x182 ./system/src/newlib/_exit.o
 .debug_macro   0x0000d748       0x9c ./system/src/newlib/_exit.o
 .debug_macro   0x0000d7e4      0x10e ./system/src/newlib/_exit.o
 .debug_macro   0x0000d8f2       0x8d ./system/src/newlib/_exit.o
 .debug_macro   0x0000d97f       0x43 ./system/src/newlib/_exit.o
 .debug_macro   0x0000d9c2      0x30d ./system/src/newlib/_exit.o
 .debug_macro   0x0000dccf       0x35 ./system/src/newlib/_exit.o
 .debug_macro   0x0000dd04      0x137 ./system/src/newlib/_sbrk.o
 .debug_macro   0x0000de3b      0x174 ./system/src/newlib/_sbrk.o
 .debug_macro   0x0000dfaf       0x10 ./system/src/newlib/_sbrk.o
 .debug_macro   0x0000dfbf      0x23b ./system/src/newlib/_sbrk.o
 .debug_macro   0x0000e1fa      0x141 ./system/src/newlib/_startup.o
 .debug_macro   0x0000e33b      0x89e ./system/src/newlib/_startup.o
 .debug_macro   0x0000ebd9      0x1d6 ./system/src/newlib/_syscalls.o
 .debug_macro   0x0000edaf       0x1c ./system/src/newlib/_syscalls.o
 .debug_macro   0x0000edcb       0x10 ./system/src/newlib/_syscalls.o
 .debug_macro   0x0000eddb       0x10 ./system/src/newlib/_syscalls.o
 .debug_macro   0x0000edeb       0x10 ./system/src/newlib/_syscalls.o
 .debug_macro   0x0000edfb       0x35 ./system/src/newlib/_syscalls.o
 .debug_macro   0x0000ee30      0x122 ./system/src/newlib/_syscalls.o
 .debug_macro   0x0000ef52       0x88 ./system/src/newlib/_syscalls.o
 .debug_macro   0x0000efda       0x2b ./system/src/newlib/_syscalls.o
 .debug_macro   0x0000f005      0x118 ./system/src/newlib/_syscalls.o
 .debug_macro   0x0000f11d      0x159 ./system/src/newlib/_syscalls.o
 .debug_macro   0x0000f276       0x16 ./system/src/newlib/_syscalls.o
 .debug_macro   0x0000f28c      0x19e ./system/src/newlib/assert.o
 .debug_macro   0x0000f42a       0x1c ./system/src/newlib/assert.o
 .debug_macro   0x0000f446      0x1af ./system/src/diag/Trace.o
 .debug_macro   0x0000f5f5       0x16 ./system/src/diag/Trace.o
 .debug_macro   0x0000f60b       0x97 ./system/src/diag/Trace.o
 .debug_macro   0x0000f6a2       0xfd ./system/src/diag/Trace.o
 .debug_macro   0x0000f79f       0x10 ./system/src/diag/Trace.o
 .debug_macro   0x0000f7af       0x16 ./system/src/diag/Trace.o
 .debug_macro   0x0000f7c5      0x182 ./system/src/diag/Trace.o
 .debug_macro   0x0000f947       0x52 ./system/src/diag/Trace.o
 .debug_macro   0x0000f999       0x16 ./system/src/diag/Trace.o
 .debug_macro   0x0000f9af      0x2a9 ./system/src/diag/trace_impl.o
 .debug_macro   0x0000fc58       0x10 ./system/src/diag/trace_impl.o
 .debug_macro   0x0000fc68       0xcf ./system/src/diag/trace_impl.o
 .debug_macro   0x0000fd37       0x19 ./system/src/diag/trace_impl.o
 .debug_macro   0x0000fd50       0xbe ./system/src/diag/trace_impl.o
 .debug_macro   0x0000fe0e       0x22 ./system/src/diag/trace_impl.o
 .debug_macro   0x0000fe30      0x16c ./system/src/cortexm/_initialize_hardware.o
 .debug_macro   0x0000ff9c      0x2df ./system/src/cortexm/exception_handlers.o
 .debug_macro   0x0001027b       0x3b ./system/src/cortexm/exception_handlers.o
 .debug_macro   0x000102b6       0x10 ./system/src/cortexm/exception_handlers.o
 .debug_macro   0x000102c6      0x168 ./system/src/cmsis/system_stm32f30x.o
 .debug_macro   0x0001042e       0x34 ./system/src/cmsis/vectors_stm32f30x.o
 .debug_macro   0x00010462      0x171 ./src/BlinkLed.o
 .debug_macro   0x000105d3      0xe66 ./src/BlinkLed.o
 .debug_macro   0x00011439       0x28 ./src/BlinkLed.o
 .debug_macro   0x00011461      0x17f ./src/Timer.o
 .debug_macro   0x000115e0       0x10 ./src/Timer.o
 .debug_macro   0x000115f0      0x32b ./src/main.o
 .debug_macro   0x0001191b       0x97 ./src/main.o
 .debug_macro   0x000119b2      0x104 ./src/main.o
 .debug_macro   0x00011ab6       0x2e ./src/main.o
